
==============================================================================
SECTION 1 - DATASET LOADING, FILTERING, AND FEATURE CONSTRUCTION
==============================================================================
Rows in the original dataset        : 30,000
Rows remaining after filtering      : 24,326
Accepted rows                       : 10,687
Rejected rows                       : 13,639
Final input features (6)            : gpa, gre, gre_v, gre_aw, ms_vs_phd, international_vs_local
Acceptance rate by degree           : Masters 75.9%, PhD 31.6%

First five rows of the cleaned dataframe:
 gpa  gre  gre_v  gre_aw  ms_vs_phd  international_vs_local  target
3.54  NaN    NaN     NaN        0.0                     0.0     1.0
3.44  NaN    NaN     NaN        0.0                     0.0     1.0
 NaN  NaN    NaN     NaN        1.0                     1.0     0.0
 NaN  NaN    NaN     NaN        1.0                     1.0     0.0
3.68  NaN    NaN     NaN        1.0                     0.0     0.0

==============================================================================
SECTION 2 - TRAIN/TEST SPLIT AND LEAKAGE-SAFE PREPROCESSING
==============================================================================
Training set size : 19,460 rows (80%)
Test set size     : 4,866 rows (20%)
Split settings    : test_size=0.2, random_state=42, shuffle=True
Accepted share    : 0.4416 in train, 0.4303 in test

Training-set statistics (computed from the 80% training split only):
feature                       median        mean         std
gpa                           3.8500      3.8134      0.3085
gre                         316.0000    311.1799     28.8447
gre_v                       161.0000    160.9873      1.9706
gre_aw                        4.5000      4.7809      5.2542
ms_vs_phd                     1.0000      0.7219      0.4481
international_vs_local        0.0000      0.4706      0.4991

Why these statistics come from the training set only:
  The test set stands in for applicants the model has never seen. If
  the medians, means, and standard deviations were computed over the
  full dataset, every test row would have shaped the numbers used to
  fill and scale the training rows - that is data leakage, and the
  reported test score would be optimistic because test information
  reached the model during training. Fitting on the training split
  alone keeps the test set a genuine estimate of future performance.

==============================================================================
SECTION 3 - TWO-LAYER NEURAL NETWORK (NUMPY ONLY)
==============================================================================
Architecture      : 6 inputs -> 6 hidden units -> 1 output unit
Activations       : sigmoid after the hidden layer, sigmoid after the output layer
Loss function     : mean squared error
Initialization    : weights ~ N(0.0, 0.1), biases = 0
Hyperparameters   : RANDOM_SEED=42, HIDDEN_UNITS=6, LEARNING_RATE=0.05,
                    MAX_EPOCHS=10000, PATIENCE=100

Parameter shapes:
  w1 (6, 6)   one weight per (input feature, hidden unit)
  b1 (1, 6)   one bias per hidden unit
  w2 (6, 1)   one weight per (hidden unit, output unit)
  b2 (1, 1)   the output unit's bias

The hidden layer computes a1 = sigmoid(x @ w1 + b1): six different
non-linear blends of the six standardized inputs. The output layer
computes a2 = sigmoid(a1 @ w2 + b2), one weighted summary of those
blends squashed into (0, 1). Bounded, rising with the evidence for
acceptance, and trained against 0/1 targets, a2 reads as a
probability-like score - but MSE training leaves it uncalibrated, so
it is not a literal admission probability.

==============================================================================
SECTION 4 - TRAINING LOG (FULL-BATCH GRADIENT DESCENT)
==============================================================================
Training on 19,460 rows, evaluating on 4,866 rows.
Stopping when test MSE has not improved for 100 consecutive epochs (max 10,000).

   epoch     train MSE      test MSE   test accuracy
----------------------------------------------------
       1      0.250439      0.250319          0.3761
     100      0.246696      0.245628          0.5697
     200      0.246390      0.245102          0.5697
     300      0.246233      0.244895          0.5697
     400      0.246070      0.244720          0.5697
     500      0.245888      0.244533          0.5697
     600      0.245678      0.244321          0.5697
     700      0.245433      0.244074          0.5697
     800      0.245141      0.243782          0.5697
     900      0.244791      0.243434          0.5697
   1,000      0.244372      0.243018          0.5697
   1,100      0.243869      0.242521          0.5697
   1,200      0.243268      0.241929          0.5697
   1,300      0.242553      0.241228          0.5697
   1,400      0.241709      0.240402          0.5697
   1,500      0.240722      0.239440          0.5697
   1,600      0.239581      0.238330          0.5697
   1,700      0.238280      0.237068          0.5701
   1,800      0.236817      0.235654          0.5703
   1,900      0.235200      0.234094          0.5703
   2,000      0.233442      0.232403          0.5746
   2,100      0.231567      0.230605          0.6681
   2,200      0.229605      0.228730          0.7049
   2,300      0.227590      0.226812          0.7049
   2,400      0.225563      0.224890          0.7047
   2,500      0.223563      0.223001          0.7047
   2,600      0.221626      0.221182          0.7043
   2,700      0.219786      0.219464          0.7043
   2,800      0.218068      0.217870          0.7043
   2,900      0.216490      0.216418          0.7043
   3,000      0.215064      0.215115          0.7043
   3,100      0.213793      0.213965          0.7043
   3,200      0.212674      0.212962          0.7043
   3,300      0.211700      0.212098          0.7043
   3,400      0.210859      0.211362          0.7043
   3,500      0.210138      0.210740          0.7043
   3,600      0.209524      0.210219          0.7043
   3,700      0.209004      0.209785          0.7043
   3,800      0.208564      0.209426          0.7043
   3,900      0.208193      0.209131          0.7043
   4,000      0.207881      0.208889          0.7043
   4,100      0.207619      0.208691          0.7043
   4,200      0.207398      0.208530          0.7043
   4,300      0.207212      0.208400          0.7043
   4,400      0.207055      0.208294          0.7043
   4,500      0.206923      0.208209          0.7043
   4,600      0.206811      0.208141          0.7043
   4,700      0.206716      0.208087          0.7043
   4,800      0.206636      0.208044          0.7043
   4,900      0.206567      0.208009          0.7043
   5,000      0.206509      0.207983          0.7043
   5,100      0.206459      0.207962          0.7043
   5,200      0.206416      0.207946          0.7043
   5,300      0.206379      0.207934          0.7043
   5,400      0.206347      0.207925          0.7043
   5,500      0.206320      0.207918          0.7043
   5,600      0.206296      0.207914          0.7043
   5,700      0.206275      0.207911          0.7043
   5,800      0.206257      0.207909          0.7043
   5,900      0.206241      0.207909          0.7043
   6,000      0.206227      0.207909          0.7043
   6,039      0.206222      0.207909          0.7043

Early stopping at epoch 6,039: test MSE has not improved for 100 consecutive epochs.
Restored the parameters from epoch 5,939 (test MSE 0.207908).

==============================================================================
SECTION 5 - FINAL EVALUATION (BEST PARAMETERS RESTORED)
==============================================================================
Best epoch                       : 5,939
Best test MSE                    : 0.207908
Final training accuracy          : 0.7053
Final test accuracy              : 0.7043
Rows used after filtering        : 24,326
Training rows / test rows        : 19,460 / 4,866
Epochs actually run              : 6,039 of 10,000 (early stopping: True)
Training MSE at best parameters  : 0.206235
Majority-class baseline (test)   : 0.5697

Interpretation:
  Overfitting: training MSE (0.206235) and test MSE
  (0.207908) sit 0.001673 apart and fall together
  for the whole run, so the model is not overfitting. With only
  49 parameters against 19,460 training rows it
  has far too little capacity to memorize - if anything, it underfits.
  Strength: 0.7043 test accuracy beats the 0.5000 coin flip
  and the 0.5697 majority-class baseline, so the network
  found real signal rather than guessing the more common outcome -
  a modest gain, not a strong admissions predictor.
  Stability: the test MSE curve is smooth and monotone and accuracy
  holds flat over long stretches, so this is not a lucky epoch.
  Accuracy moves in steps because it only changes when scores cross
  the 0.5 threshold.

==============================================================================
SECTION 6 - MSE CURVE
==============================================================================
Saved the training/test MSE curve to mse_curve.png (6,039 epochs plotted).

==============================================================================
SECTION 7 - PREDICTIONS FOR ARTIFICIAL APPLICANTS
==============================================================================
                    profile    gpa      gre    gre_v  gre_aw  ms_vs_phd  international_vs_local  probability  label   status
  Strong PhD, international 3.9500 335.0000 165.0000  5.0000     1.0000                  1.0000       0.3272      0 Rejected
          Strong PhD, local 3.9500 335.0000 165.0000  5.0000     1.0000                  0.0000       0.3469      0 Rejected
     Average Masters, local 3.4000 305.0000 152.0000  3.5000     0.0000                  0.0000       0.7287      1 Accepted
Weak Masters, international 2.9000 295.0000 145.0000  3.0000     0.0000                  1.0000       0.6820      1 Accepted
Strong GPA, no GRE reported 3.9000      NaN      NaN     NaN     1.0000                  0.0000       0.3294      0 Rejected

What these predictions show:
  Scores span 0.3272 (Strong PhD, international) to 0.7287 (Average Masters, local),
  and 2 of 5 profiles clear the 0.5 threshold.
  The ordering is driven by degree type, not by credentials: every
  Masters profile outscores every PhD profile, even though the top
  PhD applicant carries a full GPA point and 40 GRE points more than
  the weakest Masters one. That is the data speaking - 75.9% of
  Masters rows here were accepted versus 31.6% of PhD rows - but
  it means the network is largely reproducing base rates by degree
  rather than judging an applicant's strength.
  Within a degree the numbers do move the score the expected way:
  the average Masters applicant scores +0.0467 against the
  weak one, and citizenship shifts two otherwise identical PhD
  applicants by -0.0197. Both effects are small next to
  the degree flag.
  The 'no GRE reported' applicant is scored as if holding median GRE
  values - exactly what median-filling does. About nine in ten real
  rows lack GRE scores, so most predictions lean on GPA, degree, and
  citizenship whether or not test scores were supplied.
